warning: `VIRTUAL_ENV=/root/.cache/uv/environments-v2/run-qio-t4-preflight-9103a7a6977c3d93` does not match the project environment path `/tmp/qio-t4-preflight-work/qio-t4-preflight-v5-20260720/author-environment` and will be ignored; use `--active` to target the active environment instead
Downloading cpython-3.10.19-linux-x86_64-gnu (download) (28.5MiB)
 Downloaded cpython-3.10.19-linux-x86_64-gnu (download)
Using CPython 3.10.19
Creating virtual environment at: /tmp/qio-t4-preflight-work/qio-t4-preflight-v5-20260720/author-environment
   Building hsvl @ file:///tmp/qio-t4-preflight-work/qio-t4-preflight-v5-20260720/qio-full-agent/upstream
Downloading nvidia-cuda-cupti-cu12 (10.3MiB)
Downloading nvidia-cusolver-cu12 (322.5MiB)
Downloading nvidia-cudnn-cu11 (667.5MiB)
Downloading jaxlib (125.7MiB)
 Downloaded nvidia-cuda-cupti-cu12
Downloading nvidia-cublas-cu12 (554.3MiB)
      Built hsvl @ file:///tmp/qio-t4-preflight-work/qio-t4-preflight-v5-20260720/qio-full-agent/upstream
 Downloaded nvidia-cusolver-cu12
Downloading nvidia-cuda-nvcc-cu12 (38.7MiB)
 Downloaded jaxlib
Downloading nvidia-cuda-runtime-cu12 (3.3MiB)
 Downloaded nvidia-cuda-runtime-cu12
Downloading nvidia-cudnn-cu12 (617.8MiB)
 Downloaded nvidia-cuda-nvcc-cu12
Downloading nvidia-cufft-cu12 (191.6MiB)
 Downloaded nvidia-cufft-cu12
Downloading nvidia-cusparse-cu12 (349.5MiB)
 Downloaded nvidia-cublas-cu12
Downloading nvidia-nccl-cu12 (276.3MiB)
 Downloaded nvidia-cudnn-cu11
Downloading nvidia-nvjitlink-cu12 (37.9MiB)
 Downloaded nvidia-nvjitlink-cu12
Downloading nvidia-cublas-cu11 (398.5MiB)
 Downloaded nvidia-cusparse-cu12
Downloading dm-control (53.7MiB)
 Downloaded nvidia-cudnn-cu12
Downloading scipy (36.7MiB)
 Downloaded nvidia-nccl-cu12
Downloading nvidia-cuda-nvrtc-cu11 (22.1MiB)
 Downloaded nvidia-cuda-nvrtc-cu11
Downloading tensorstore (19.1MiB)
 Downloaded tensorstore
Downloading numpy (17.4MiB)
 Downloaded dm-control
Downloading wandb (9.0MiB)
 Downloaded numpy
Downloading ogbench (8.5MiB)
 Downloaded ogbench
Downloading matplotlib (8.3MiB)
 Downloaded scipy
Downloading pillow (6.7MiB)
 Downloaded pillow
Downloading tensorflow-probability (6.7MiB)
 Downloaded wandb
Downloading mujoco-mjx (6.4MiB)
 Downloaded mujoco-mjx
Downloading grpcio (6.3MiB)
 Downloaded matplotlib
Downloading mujoco (6.1MiB)
 Downloaded nvidia-cublas-cu11
Downloading lxml (5.0MiB)
 Downloaded grpcio
Downloading ml-dtypes (4.8MiB)
 Downloaded mujoco
Downloading labmaze (4.7MiB)
 Downloaded ml-dtypes
Downloading fonttools (4.6MiB)
 Downloaded lxml
Downloading pyopengl (3.0MiB)
 Downloaded labmaze
Downloading pytinyrenderer (1.8MiB)
 Downloaded pytinyrenderer
Downloading jax (1.7MiB)
 Downloaded fonttools
Downloading kiwisolver (1.6MiB)
 Downloaded kiwisolver
Downloading jedi (1.5MiB)
 Downloaded jax
Downloading pygments (1.2MiB)
 Downloaded tensorflow-probability
Downloading setuptools (1.1MiB)
 Downloaded pygments
 Downloaded setuptools
 Downloaded jedi
 Downloaded pyopengl
   Building antlr4-python3-runtime==4.9.3
   Building gym==0.26.2
      Built antlr4-python3-runtime==4.9.3
      Built gym==0.26.2
Prepared 128 packages in 56.31s
Installed 128 packages in 208ms
 + absl-py==2.3.1
 + antlr4-python3-runtime==4.9.3
 + asttokens==3.0.1
 + attrs==25.4.0
 + blinker==1.9.0
 + brax==0.10.1
 + certifi==2026.1.4
 + charset-normalizer==3.4.4
 + chex==0.1.86
 + click==8.3.1
 + cloudpickle==3.1.2
 + colorlog==6.10.1
 + contourpy==1.3.2
 + cycler==0.12.1
 + decorator==5.2.1
 + distrax==0.1.5
 + dm-control==1.0.26
 + dm-env==1.6
 + dm-tree==0.1.9
 + docker-pycreds==0.4.0
 + docstring-parser==0.17.0
 + etils==1.13.0
 + exceptiongroup==1.3.1
 + executing==2.2.1
 + farama-notifications==0.0.6
 + flask==3.1.2
 + flask-cors==6.0.2
 + flax==0.7.4
 + fonttools==4.61.1
 + fsspec==2026.1.0
 + gast==0.7.0
 + gitdb==4.0.12
 + gitpython==3.1.46
 + glfw==2.10.0
 + grpcio==1.76.0
 + gym==0.26.2
 + gym-notices==0.1.0
 + gymnasium==1.3.0
 + hsvl==0.1.0 (from file:///tmp/qio-t4-preflight-work/qio-t4-preflight-v5-20260720/qio-full-agent/upstream)
 + hydra-core==1.3.2
 + hydra-submitit-launcher==1.2.0
 + idna==3.11
 + imageio==2.37.3
 + importlib-resources==6.5.2
 + ipython==8.38.0
 + itsdangerous==2.2.0
 + jax==0.4.23
 + jaxlib==0.4.23+cuda12.cudnn89
 + jaxopt==0.8.5
 + jedi==0.19.2
 + jinja2==3.1.6
 + kiwisolver==1.4.9
 + labmaze==1.0.6
 + lxml==6.1.0
 + markdown-it-py==4.0.0
 + markupsafe==3.0.3
 + matplotlib==3.10.8
 + matplotlib-inline==0.2.1
 + mdurl==0.1.2
 + mediapy==1.2.2
 + ml-collections==1.1.0
 + ml-dtypes==0.5.4
 + msgpack==1.1.2
 + mujoco==3.2.6
 + mujoco-mjx==3.2.6
 + nest-asyncio==1.6.0
 + numpy==1.26.4
 + nvidia-cublas-cu11==11.11.3.6
 + nvidia-cublas-cu12==12.9.1.4
 + nvidia-cuda-cupti-cu12==12.9.79
 + nvidia-cuda-nvcc-cu12==12.9.86
 + nvidia-cuda-nvrtc-cu11==11.8.89
 + nvidia-cuda-runtime-cu12==12.9.79
 + nvidia-cudnn-cu11==8.9.7.29
 + nvidia-cudnn-cu12==9.17.1.4
 + nvidia-cufft-cu12==11.4.1.4
 + nvidia-cusolver-cu12==11.7.5.82
 + nvidia-cusparse-cu12==12.5.10.65
 + nvidia-nccl-cu12==2.29.2
 + nvidia-nvjitlink-cu12==12.9.86
 + ogbench==1.2.1
 + omegaconf==2.3.0
 + opt-einsum==3.4.0
 + optax==0.2.2
 + orbax-checkpoint==0.5.16
 + packaging==25.0
 + parso==0.8.5
 + pexpect==4.9.0
 + pillow==12.1.0
 + platformdirs==4.5.1
 + prompt-toolkit==3.0.52
 + protobuf==5.29.5
 + psutil==7.2.1
 + ptyprocess==0.7.0
 + pure-eval==0.2.3
 + pygments==2.19.2
 + pyopengl==3.1.10
 + pyparsing==3.3.1
 + python-dateutil==2.9.0.post0
 + pytinyrenderer==0.0.14
 + pyyaml==6.0.3
 + requests==2.32.5
 + rich==14.2.0
 + scipy==1.12.0
 + sentry-sdk==2.49.0
 + setproctitle==1.3.7
 + setuptools==80.9.0
 + six==1.17.0
 + smmap==5.0.2
 + stack-data==0.6.3
 + submitit==1.5.4
 + tensorboardx==2.6.4
 + tensorflow-probability==0.25.0
 + tensorstore==0.1.78
 + toolz==1.1.0
 + tqdm==4.67.3
 + traitlets==5.14.3
 + trimesh==4.11.0
 + typeguard==4.4.4
 + typing-extensions==4.15.0
 + tyro==1.0.5
 + urllib3==2.6.3
 + wandb==0.17.9
 + wandb-osh==1.2.2
 + wcwidth==0.2.14
 + werkzeug==3.1.5
 + wrapt==2.0.1
 + zipp==3.23.0
